// Jest Snapshot v1, https://goo.gl/fbAQLP

exports[`renders the app 1`] = `
<DocumentFragment>
  <div
    class="app"
  >
    <div
      class="header sunsetHeader"
    >
      <img
        alt="Chatable logo"
        class="logo"
        src="sunsetLogo.png"
      />
    </div>
    <div
      class="homePage"
    >
      <div>
        <img
          alt="Greeting"
          class="greetingImage"
          src="sunsetGreeting.png"
        />
      </div>
      <div
        class="chatbotContainer"
      >
        <div
          class="chatbotBorder sunsetBoarder"
        >
          <div
            class="messagesDisplay"
          />
        </div>
        <input
          class="messageField sunsetBoarder"
          placeholder="Type your message here.. "
          type="text"
          value=""
        />
      </div>
      <div
        class="quoteContainer"
      >
        <h2
          class="quoteText sunsetText"
        >
          Evening is a good time to look back at your day and think about all the things that you have done.
        </h2>
      </div>
    </div>
    <div
      class="footer sunsetFooter"
    >
      <p
        class="copyright sunsetCopy"
      >
        Â© Chatable 2022
      </p>
    </div>
  </div>
</DocumentFragment>
`;
